// Jest Snapshot v1, https://goo.gl/fbAQLP

exports[`renders Subscriptions 1`] = `<Subscriptions />`;
