// Jest Snapshot v1, https://goo.gl/fbAQLP

exports[`Comments Header CommentsHeader renders w/ amountComments = number  1`] = `
<div
  className="comments-header"
>
  <h4>
    123
     Comments
  </h4>
  <Button
    as="button"
    basic={true}
    compact={true}
    icon={true}
    labelPosition="left"
  >
    <Icon
      as="i"
      name="align left"
    />
    Sort by
  </Button>
</div>
`;

exports[`Comments Header CommentsHeader renders w/ amountComments=null 1`] = `
<div
  className="comments-header"
>
  <h4>
     Comments
  </h4>
  <Button
    as="button"
    basic={true}
    compact={true}
    icon={true}
    labelPosition="left"
  >
    <Icon
      as="i"
      name="align left"
    />
    Sort by
  </Button>
</div>
`;
